WARNING: Final field nodePrivateKeyFileOption in class org.hyperledger.besu.cli.subcommands.PublicKeySubCommand$KeyPairSubcommand has been mutated reflectively by class picocli.CommandLine$Model$FieldBinding in unnamed module @62ef27a8 (file:/home/linuxbrew/.linuxbrew/Cellar/besu/26.8.1/lib/picocli-4.7.7.jar)
WARNING: Use --enable-final-field-mutation=ALL-UNNAMED to avoid a warning
WARNING: Mutating final fields will be blocked in a future release unless final field mutation is enabled
[2m2026-09-17 13:11:54.442+0000[m[2m | [m[2mmain[m[2m | [m[32mINFO [m[2m | [m[2mBesu[m[2m | [m[32mStarting Besu
[m[2m2026-09-17 13:11:57.168+0000[m[2m | [m[2mmain[m[2m | [m[32mINFO [m[2m | [m[2mBesu[m[2m | [m[32mRPC HTTP JSON-RPC config: JsonRpcConfiguration{enabled=true, port=8552, host=127.0.0.1, corsAllowedDomains=[], hostsAllowlist=[localhost, 127.0.0.1], rpcApis=[ETH, NET, WEB3], authenticationEnabled=false, authenticationCredentialsFile=null, authenticationPublicKeyFile=null, tlsConfiguration=Optional.empty, httpTimeoutSec=30, maxActiveConnections=80, maxBatchSize=1024}
[m[2m2026-09-17 13:11:57.170+0000[m[2m | [m[2mmain[m[2m | [m[33mWARN [m[2m | [m[2mBesu[m[2m | [m[33mForcing --bonsai-limit-trie-logs-enabled=false, since it cannot be enabled with --sync-mode=FULL and --data-storage-format=BONSAI.
[m[2m2026-09-17 13:11:57.176+0000[m[2m | [m[2mmain[m[2m | [m[32mINFO [m[2m | [m[2mBesu[m[2m | [m[32mConnecting to 0 static nodes.
[m[2m2026-09-17 13:11:57.419+0000[m[2m | [m[2mmain[m[2m | [m[32mINFO [m[2m | [m[2mBesu[m[2m | [m[32m
####################################################################################################
#                                                                                                  #
# Besu version 26.8.1                                                                              #
#                                                                                                  #
# Configuration:                                                                                   #
# Network: Custom genesis file                                                                     #
# /home/nick/private_blockch/besu_private/genesis.json                                             #
# Network Id: 2017                                                                                 #
# Data storage: Bonsai                                                                             #
# RocksDB max open files: 2480 (derived from available resources)                                  #
# Sync mode: Full                                                                                  #
# Sync min peers: 5                                                                                #
# RPC HTTP APIs: ETH,NET,WEB3                                                                      #
# RPC HTTP port: 8552                                                                              #
# Using LAYERED transaction pool implementation                                                    #
# Using STACKED worldstate update mode                                                             #
# Opcode optimizations enabled                                                                     #
# Parallel transaction processing enabled                                                          #
# BAL pruning enabled (retained BALs: 113056)                                                      #
#                                                                                                  #
# Host:                                                                                            #
# Java: zulu-java-27                                                                               #
# Maximum heap size: 2.43 GB                                                                       #
# OS: linux-x86_64                                                                                 #
# glibc: 2.39                                                                                      #
# jemalloc: 5.3.0-0-g54eaed1d8b56b1aa528be3bdd1877e59c56fa90c                                      #
# Total memory: 9.71 GB                                                                            #
# CPU cores: 6                                                                                     #
#                                                                                                  #
# Plugin Registration Summary:                                                                     #
# No plugins have been registered.                                                                 #
# TOTAL = 0 of 0 plugins successfully registered.                                                  #
#                                                                                                  #
####################################################################################################
[m[2m2026-09-17 13:11:57.421+0000[m[2m | [m[2mmain[m[2m | [m[32mINFO [m[2m | [m[2mBesu[m[2m | [m[32mSecurity Module: localfile
[m[2m2026-09-17 13:11:57.422+0000[m[2m | [m[2mmain[m[2m | [m[32mINFO [m[2m | [m[2mVersionMetadata[m[2m | [m[32mLookup version metadata file in data directory: /home/nick/private_blockch/besu_private/node2/data
[m[2m2026-09-17 13:11:57.423+0000[m[2m | [m[2mmain[m[2m | [m[32mINFO [m[2m | [m[2mVersionMetadata[m[2m | [m[32mNo version data detected. Writing Besu version 26.8.1 to metadata file
[m[2m2026-09-17 13:11:57.551+0000[m[2m | [m[2mmain[m[2m | [m[32mINFO [m[2m | [m[2mBesu[m[2m | [m[32mUsing the native implementation of alt bn128
[m[2m2026-09-17 13:11:57.552+0000[m[2m | [m[2mmain[m[2m | [m[32mINFO [m[2m | [m[2mBesu[m[2m | [m[32mUsing the Java implementation of modexp
[m[2m2026-09-17 13:11:57.552+0000[m[2m | [m[2mmain[m[2m | [m[32mINFO [m[2m | [m[2mBesu[m[2m | [m[32mUsing the native implementation of the signature algorithm
[m[2m2026-09-17 13:11:57.556+0000[m[2m | [m[2mmain[m[2m | [m[32mINFO [m[2m | [m[2mBesu[m[2m | [m[32mUsing the native implementation of the blake2bf algorithm
[m[2m2026-09-17 13:11:57.811+0000[m[2m | [m[2mmain[m[2m | [m[32mINFO [m[2m | [m[2mBesu[m[2m | [m[32mUsing the native BoringSSL implementation of p256verify
[m[2m2026-09-17 13:11:57.987+0000[m[2m | [m[2mmain[m[2m | [m[32mINFO [m[2m | [m[2mKeyPairUtil[m[2m | [m[32mAttempting to load public key from /home/nick/private_blockch/besu_private/node2/data/key
[m[2m2026-09-17 13:11:58.016+0000[m[2m | [m[2mmain[m[2m | [m[32mINFO [m[2m | [m[2mKeyPairUtil[m[2m | [m[32mLoaded public key 0x9ca397bfe8964cd2f0d4bc9c86694f286b05b86e91eb98df3b12ee94ebb51c8daf1839af609f115853fd98a033b7dec4ae93b04e961e042a13b959445406be17 from /home/nick/private_blockch/besu_private/node2/data/key
[m[2m2026-09-17 13:11:58.211+0000[m[2m | [m[2mmain[m[2m | [m[32mINFO [m[2m | [m[2mProtocolScheduleBuilder[m[2m | [m[32mProtocol schedule created with milestones: [Byzantium:0]
[m[2m2026-09-17 13:11:58.216+0000[m[2m | [m[2mmain[m[2m | [m[32mINFO [m[2m | [m[2mRocksDBKeyValueStorageFactory[m[2m | [m[32mNo existing database at /home/nick/private_blockch/besu_private/node2/data. Using default metadata for new db versionedStorageFormat=BaseVersionedStorageFormat{format=BONSAI, version=3}
[m[2m2026-09-17 13:11:58.697+0000[m[2m | [m[2mmain[m[2m | [m[32mINFO [m[2m | [m[2mFlatDbStrategyProvider[m[2m | [m[32mFlat db mode found FULL
[m[2m2026-09-17 13:11:58.710+0000[m[2m | [m[2mmain[m[2m | [m[32mINFO [m[2m | [m[2mFlatDbStrategyProvider[m[2m | [m[32mDB mode with code stored using code hash enabled = true
[m[2m2026-09-17 13:11:58.748+0000[m[2m | [m[2mmain[m[2m | [m[32mINFO [m[2m | [m[2mFlatDbStrategyProvider[m[2m | [m[32mFlat db mode found FULL
[m[2m2026-09-17 13:11:58.749+0000[m[2m | [m[2mmain[m[2m | [m[32mINFO [m[2m | [m[2mFlatDbStrategyProvider[m[2m | [m[32mDB mode with code stored using code hash enabled = true
[m[2m2026-09-17 13:11:59.048+0000[m[2m | [m[2mmain[m[2m | [m[32mINFO [m[2m | [m[2mBesuControllerBuilder[m[2m | [m[32mAdding ChainDataPruner to observe block added events
[m[2m2026-09-17 13:11:59.050+0000[m[2m | [m[2mmain[m[2m | [m[32mINFO [m[2m | [m[2mBesuControllerBuilder[m[2m | [m[32mBAL pruning enabled | BALs retained: 113056 | Frequency: 256
[m[2m2026-09-17 13:11:59.094+0000[m[2m | [m[2mmain[m[2m | [m[32mINFO [m[2m | [m[2mTransactionPoolFactory[m[2m | [m[32mEnabling transaction pool
[m[2m2026-09-17 13:11:59.168+0000[m[2m | [m[2mmain[m[2m | [m[32mINFO [m[2m | [m[2mBesuControllerBuilder[m[2m | [m[32mQBFT is configured, creating initial sync for BFT
[m[2m2026-09-17 13:11:59.177+0000[m[2m | [m[2mmain[m[2m | [m[32mINFO [m[2m | [m[2mBFTPivotSelectorFromPeers[m[2m | [m[32mCreating pivot block selector for BFT node
[m[2m2026-09-17 13:11:59.274+0000[m[2m | [m[2mmain[m[2m | [m[32mINFO [m[2m | [m[2mRunnerBuilder[m[2m | [m[32mResolved 1 bootnodes.
[m[2m2026-09-17 13:11:59.284+0000[m[2m | [m[2mmain[m[2m | [m[32mINFO [m[2m | [m[2mRunnerBuilder[m[2m | [m[32mDetecting NAT service.
[m[2m2026-09-17 13:11:59.330+0000[m[2m | [m[2mmain[m[2m | [m[32mINFO [m[2m | [m[2mCompositePeerDiscoveryAgentFactory[m[2m | [m[32mPeer discovery mode: V4 (requested=V4, V4=true, V5=false)
[m[2m2026-09-17 13:11:59.689+0000[m[2m | [m[2mmain[m[2m | [m[32mINFO [m[2m | [m[2mRunner[m[2m | [m[32mStarting external services ... 
[m[2m2026-09-17 13:11:59.690+0000[m[2m | [m[2mmain[m[2m | [m[32mINFO [m[2m | [m[2mJsonRpcHttpService[m[2m | [m[32mStarting JSON-RPC service on 127.0.0.1:8552
[m[2m2026-09-17 13:11:59.916+0000[m[2m | [m[2mvert.x-eventloop-thread-1[m[2m | [m[32mINFO [m[2m | [m[2mJsonRpcHttpService[m[2m | [m[32mJSON-RPC service started and listening on 127.0.0.1:8552
[m[2m2026-09-17 13:11:59.925+0000[m[2m | [m[2mmain[m[2m | [m[32mINFO [m[2m | [m[2mAutoTransactionLogBloomCachingService[m[2m | [m[32mStarting auto transaction log bloom caching service.
[m[2m2026-09-17 13:11:59.928+0000[m[2m | [m[2mmain[m[2m | [m[32mINFO [m[2m | [m[2mLogBloomCacheMetadata[m[2m | [m[32mLookup cache metadata file in data directory: /home/nick/private_blockch/besu_private/node2/data/caches
[m[2m2026-09-17 13:11:59.955+0000[m[2m | [m[2mmain[m[2m | [m[32mINFO [m[2m | [m[2mRunner[m[2m | [m[32mStarting Ethereum main loop ... 
[m[2m2026-09-17 13:11:59.956+0000[m[2m | [m[2mmain[m[2m | [m[32mINFO [m[2m | [m[2mNatService[m[2m | [m[32mNo NAT environment detected so no service could be started
[m[2m2026-09-17 13:11:59.956+0000[m[2m | [m[2mmain[m[2m | [m[32mINFO [m[2m | [m[2mNetworkRunner[m[2m | [m[32mStarting Network.
[m[2m2026-09-17 13:11:59.974+0000[m[2m | [m[2mnioEventLoopGroup-2-1[m[2m | [m[32mINFO [m[2m | [m[2mRlpxAgent[m[2m | [m[32mP2P RLPx agent started and listening on /[0:0:0:0:0:0:0:0]:30304.
[m[2m2026-09-17 13:11:59.980+0000[m[2m | [m[2mmain[m[2m | [m[32mINFO [m[2m | [m[2mCompositePeerDiscoveryAgent[m[2m | [m[32mStarting discovery on shared UDP socket (V4 only)
[m[2m2026-09-17 13:12:00.006+0000[m[2m | [m[2mdisc-shared-eventloop[m[2m | [m[32mINFO [m[2m | [m[2mPeerDiscoveryAgentV4[m[2m | [m[32mStarting peer discovery agent on host=0.0.0.0, port=30304. IPv6 available.
[m[2m2026-09-17 13:12:00.042+0000[m[2m | [m[2mdisc-shared-eventloop[m[2m | [m[32mINFO [m[2m | [m[2mNodeRecordManager[m[2m | [m[32mWriting node record to disk. NodeRecord{seq=1, publicKey=0x039ca397bfe8964cd2f0d4bc9c86694f286b05b86e91eb98df3b12ee94ebb51c8d, udpAddress=Optional[/127.0.0.1:30304], tcpAddress=Optional[/127.0.0.1:30304], quicAddress=Optional.empty, udp6Address=Optional.empty, tcp6Address=Optional.empty, quic6Address=Optional.empty, asBase64=-Je4QMa-Qn9C_g3__m85Q_cAQNUIOzeKjMEAuFB1SIWw7v3PcmYjOmbFxUEur-wcAzNj3Tzv6ql2H69Qz3JzuR43AHMBg2V0aMfGhDEZY_GAgmlkgnY0gmlwhH8AAAGJc2VjcDI1NmsxoQOco5e_6JZM0vDUvJyGaU8oawW4bpHrmN87Eu6U67UcjYN0Y3CCdmCDdWRwgnZg, nodeId=0x76a8509e9ad89a5469f8ae9ce64810ba0b712efea85499488764cc67a9e8af74, customFields={tcp=30304, udp=30304, eth=[[0x311963f1, 0x]], id=V4, ip=0x7f000001, secp256k1=0x039ca397bfe8964cd2f0d4bc9c86694f286b05b86e91eb98df3b12ee94ebb51c8d}}
[m[2m2026-09-17 13:12:00.096+0000[m[2m | [m[2mdisc-shared-eventloop[m[2m | [m[32mINFO [m[2m | [m[2mPeerDiscoveryAgentV4[m[2m | [m[32mP2P peer discovery agent started and listening on /0.0.0.0:30304
[m[2m2026-09-17 13:12:00.107+0000[m[2m | [m[2mmain[m[2m | [m[32mINFO [m[2m | [m[2mDefaultP2PNetwork[m[2m | [m[32mEnode URL enode://9ca397bfe8964cd2f0d4bc9c86694f286b05b86e91eb98df3b12ee94ebb51c8daf1839af609f115853fd98a033b7dec4ae93b04e961e042a13b959445406be17@127.0.0.1:30304
[m[2m2026-09-17 13:12:00.108+0000[m[2m | [m[2mmain[m[2m | [m[32mINFO [m[2m | [m[2mDefaultP2PNetwork[m[2m | [m[32mENR URL enr:-Je4QMa-Qn9C_g3__m85Q_cAQNUIOzeKjMEAuFB1SIWw7v3PcmYjOmbFxUEur-wcAzNj3Tzv6ql2H69Qz3JzuR43AHMBg2V0aMfGhDEZY_GAgmlkgnY0gmlwhH8AAAGJc2VjcDI1NmsxoQOco5e_6JZM0vDUvJyGaU8oawW4bpHrmN87Eu6U67UcjYN0Y3CCdmCDdWRwgnZg
[m[2m2026-09-17 13:12:00.108+0000[m[2m | [m[2mmain[m[2m | [m[32mINFO [m[2m | [m[2mDefaultP2PNetwork[m[2m | [m[32mNode address 0xe64810ba0b712efea85499488764cc67a9e8af74
[m[2m2026-09-17 13:12:00.122+0000[m[2m | [m[2mmain[m[2m | [m[32mINFO [m[2m | [m[2mNetworkRunner[m[2m | [m[32mSupported capabilities: [eth/68, eth/69, eth/70, eth/71], [istanbul/100], [snap/1]
[m[2m2026-09-17 13:12:00.131+0000[m[2m | [m[2mmain[m[2m | [m[32mINFO [m[2m | [m[2mDefaultSynchronizer[m[2m | [m[32mStarting synchronizer.
[m[2m2026-09-17 13:12:00.133+0000[m[2m | [m[2mmain[m[2m | [m[32mINFO [m[2m | [m[2mTransactionPoolFactory[m[2m | [m[32mEnabling transaction handling following initial sync
[m[2m2026-09-17 13:12:00.142+0000[m[2m | [m[2mmain[m[2m | [m[32mINFO [m[2m | [m[2mBftMiningCoordinator[m[2m | [m[32mStarting BFT mining coordinator following initial sync
[m[2m2026-09-17 13:12:00.334+0000[m[2m | [m[2mmain[m[2m | [m[32mINFO [m[2m | [m[2mFullSyncDownloader[m[2m | [m[32mStarting full sync.
[m[2m2026-09-17 13:12:00.335+0000[m[2m | [m[2mmain[m[2m | [m[32mINFO [m[2m | [m[2mFullSyncTargetManager[m[2m | [m[32mUnable to find sync target. Waiting for 5 peers minimum. Currently checking 0 peers for usefulness
[m[2m2026-09-17 13:12:00.343+0000[m[2m | [m[2mmain[m[2m | [m[32mINFO [m[2m | [m[2mRunner[m[2m | [m[32mEthereum main loop is up.
[m[2m2026-09-17 13:12:05.340+0000[m[2m | [m[2mEthScheduler-Timer-0[m[2m | [m[32mINFO [m[2m | [m[2mFullSyncTargetManager[m[2m | [m[32mUnable to find sync target. Waiting for 5 peers minimum. Currently checking 1 peers for usefulness
[m[2m2026-09-17 13:12:10.341+0000[m[2m | [m[2mEthScheduler-Timer-0[m[2m | [m[32mINFO [m[2m | [m[2mFullSyncTargetManager[m[2m | [m[32mUnable to find sync target. Waiting for 5 peers minimum. Currently checking 1 peers for usefulness
[m[2m2026-09-17 13:12:10.485+0000[m[2m | [m[2mBftProcessorExecutor-QBFT-0[m[2m | [m[32mINFO [m[2m | [m[2mQbftRound[m[2m | [m[32mImporting proposed block to chain. round=ConsensusRoundIdentifier{Sequence=1, Round=1}, hash=0xbfe26aafc3f9b51b3b4fef20cd892635a2520145dd85de1d5c048209d9511ee1
[m[2m2026-09-17 13:12:10.542+0000[m[2m | [m[2mBftProcessorExecutor-QBFT-0[m[2m | [m[32mINFO [m[2m | [m[2mQbftBesuControllerBuilder[m[2m | [m[32mImported empty block #1 / 0 tx / 0 pending / 0 (0.0%) gas / (0xbfe26aafc3f9b51b3b4fef20cd892635a2520145dd85de1d5c048209d9511ee1)
[m[2m2026-09-17 13:12:15.646+0000[m[2m | [m[2mBftProcessorExecutor-QBFT-0[m[2m | [m[32mINFO [m[2m | [m[2mQbftBesuControllerBuilder[m[2m | [m[32mImported empty block #2 / 0 tx / 0 pending / 0 (0.0%) gas / (0x58c1ab3bdcf1543ef073afda15048025405b97ce2456ec2e7f82aebdc001497c)
[m[2m2026-09-17 13:12:21.083+0000[m[2m | [m[2mBftProcessorExecutor-QBFT-0[m[2m | [m[32mINFO [m[2m | [m[2mQbftBesuControllerBuilder[m[2m | [m[32mImported empty block #3 / 0 tx / 0 pending / 0 (0.0%) gas / (0xea60b83a93e22e90917aa7930f91bbe453a80e2027e9e7a9ef8317798a624586)
[m[2m2026-09-17 13:12:26.073+0000[m[2m | [m[2mBftProcessorExecutor-QBFT-0[m[2m | [m[32mINFO [m[2m | [m[2mQbftBesuControllerBuilder[m[2m | [m[32mProduced #4  (683ae.....b663c)|    0 tx | 0 pending | 0 (0.0%) gas in 0.066s | Timing(started at 2026-09-17T13:12:26.006626406Z, duplicateWorldState=0ms, preTxsSelection=1ms, txsSelection=12ms, selectedTxsEvaluation=0ms, blockAssembled=2ms, blockImported=48ms)
[m[2m2026-09-17 13:12:26.084+0000[m[2m | [m[2mEthScheduler-Workers-0[m[2m | [m[32mINFO [m[2m | [m[2mPersistBlockTask[m[2m | [m[32mBlock 4 (0x683ae5559fc72b0e50c9667fdd539fe74b42dec6dcff28c53667b0b5370b663c) is already imported
[m[2m2026-09-17 13:12:31.050+0000[m[2m | [m[2mBftProcessorExecutor-QBFT-0[m[2m | [m[32mINFO [m[2m | [m[2mQbftBesuControllerBuilder[m[2m | [m[32mImported empty block #5 / 0 tx / 0 pending / 0 (0.0%) gas / (0x0218307502cf54e1ffb13b41dfad7c1fbc52a20840bed831270410075edb501d)
[m[2m2026-09-17 13:12:36.053+0000[m[2m | [m[2mBftProcessorExecutor-QBFT-0[m[2m | [m[32mINFO [m[2m | [m[2mQbftBesuControllerBuilder[m[2m | [m[32mImported empty block #6 / 0 tx / 0 pending / 0 (0.0%) gas / (0x5c77e8f993bba75096c9d5d8ec3d6e929255ceb2285030d67660303db080d670)
[m[2m2026-09-17 13:12:41.046+0000[m[2m | [m[2mBftProcessorExecutor-QBFT-0[m[2m | [m[32mINFO [m[2m | [m[2mQbftBesuControllerBuilder[m[2m | [m[32mImported empty block #7 / 0 tx / 0 pending / 0 (0.0%) gas / (0x3724e30a0ae6d3dd9862581f339699a8ffed51e0c3f19b5b30f0f68b8aa8f513)
[m[2m2026-09-17 13:12:46.032+0000[m[2m | [m[2mBftProcessorExecutor-QBFT-0[m[2m | [m[32mINFO [m[2m | [m[2mQbftBesuControllerBuilder[m[2m | [m[32mImported empty block #8 / 0 tx / 0 pending / 0 (0.0%) gas / (0x59a00b5b9d3e4d94f042f66b86e2f992cf6eb6f6f16a3e5f2fe2b56f6895454d)
[m[2m2026-09-17 13:12:51.687+0000[m[2m | [m[2mBftProcessorExecutor-QBFT-0[m[2m | [m[32mINFO [m[2m | [m[2mQbftBesuControllerBuilder[m[2m | [m[32mProduced #9  (65ae6.....680cf)|    0 tx | 0 pending | 0 (0.0%) gas in 0.032s | Timing(started at 2026-09-17T13:12:51.651870095Z, duplicateWorldState=0ms, preTxsSelection=0ms, txsSelection=0ms, selectedTxsEvaluation=0ms, blockAssembled=0ms, blockImported=32ms)
[m[2m2026-09-17 13:12:57.044+0000[m[2m | [m[2mEthScheduler-Workers-2[m[2m | [m[32mINFO [m[2m | [m[2mPersistBlockTask[m[2m | [m[32mBlock 10 (0x17d8d110096cc63f39c0ed1cd989b996cce0b15dde47b55b1af2acb78b539e2e) is already imported
[m[2m2026-09-17 13:12:57.048+0000[m[2m | [m[2mBftProcessorExecutor-QBFT-0[m[2m | [m[32mINFO [m[2m | [m[2mQbftBesuControllerBuilder[m[2m | [m[32mImported empty block #10 / 0 tx / 0 pending / 0 (0.0%) gas / (0x17d8d110096cc63f39c0ed1cd989b996cce0b15dde47b55b1af2acb78b539e2e)
[m[2m2026-09-17 13:13:02.035+0000[m[2m | [m[2mBftProcessorExecutor-QBFT-0[m[2m | [m[32mINFO [m[2m | [m[2mQbftBesuControllerBuilder[m[2m | [m[32mImported empty block #11 / 0 tx / 0 pending / 0 (0.0%) gas / (0x461113299b8f6744f14ca34163614a33ed5dd302d61fb23659fda816a0affdf1)
[m[2m2026-09-17 13:13:07.041+0000[m[2m | [m[2mEthScheduler-Workers-4[m[2m | [m[32mINFO [m[2m | [m[2mPersistBlockTask[m[2m | [m[32mBlock 12 (0xa60d8036c4a17546bae4f99587d0c69402bd7bc4f7bffa786c2e0efac5bd0a6c) is already imported
[m[2m2026-09-17 13:13:07.045+0000[m[2m | [m[2mBftProcessorExecutor-QBFT-0[m[2m | [m[32mINFO [m[2m | [m[2mQbftBesuControllerBuilder[m[2m | [m[32mImported empty block #12 / 0 tx / 0 pending / 0 (0.0%) gas / (0xa60d8036c4a17546bae4f99587d0c69402bd7bc4f7bffa786c2e0efac5bd0a6c)
[m[2m2026-09-17 13:13:12.045+0000[m[2m | [m[2mBftProcessorExecutor-QBFT-0[m[2m | [m[32mINFO [m[2m | [m[2mQbftBesuControllerBuilder[m[2m | [m[32mImported empty block #13 / 0 tx / 0 pending / 0 (0.0%) gas / (0x9ef87e7d9ff776886efae2922c6ec5530a75ca8fde787a62939eab4991b4635f)
[m[2m2026-09-17 13:13:17.049+0000[m[2m | [m[2mBftProcessorExecutor-QBFT-0[m[2m | [m[32mINFO [m[2m | [m[2mQbftBesuControllerBuilder[m[2m | [m[32mProduced #14  (5fa88.....61173)|    0 tx | 0 pending | 0 (0.0%) gas in 0.044s | Timing(started at 2026-09-17T13:13:17.004396527Z, duplicateWorldState=0ms, preTxsSelection=0ms, txsSelection=1ms, selectedTxsEvaluation=0ms, blockAssembled=0ms, blockImported=43ms)
[m[2m2026-09-17 13:13:22.623+0000[m[2m | [m[2mBftProcessorExecutor-QBFT-0[m[2m | [m[32mINFO [m[2m | [m[2mQbftBesuControllerBuilder[m[2m | [m[32mImported empty block #15 / 0 tx / 0 pending / 0 (0.0%) gas / (0xdc627a6fb1a11ffa4d27b0e0ff22d5ebf8dc18ec712837f8a9badb9ef6c96c16)
[m[2m2026-09-17 13:13:28.041+0000[m[2m | [m[2mEthScheduler-Workers-6[m[2m | [m[32mINFO [m[2m | [m[2mPersistBlockTask[m[2m | [m[32mImported empty block #16 / 0 tx / 0 om / 0 (0.0%) gas / (0x46caf5c124edc034610cca5a30660ff6f745953ed5a8a713ed530f2576df8e05) in 0.000s. Peers: 4
[m[2m2026-09-17 13:13:28.044+0000[m[2m | [m[2mBftProcessorExecutor-QBFT-0[m[2m | [m[32mINFO [m[2m | [m[2mQbftBesuControllerBuilder[m[2m | [m[32mImported empty block #16 / 0 tx / 0 pending / 0 (0.0%) gas / (0x46caf5c124edc034610cca5a30660ff6f745953ed5a8a713ed530f2576df8e05)
[m[2m2026-09-17 13:13:33.039+0000[m[2m | [m[2mBftProcessorExecutor-QBFT-0[m[2m | [m[32mINFO [m[2m | [m[2mQbftBesuControllerBuilder[m[2m | [m[32mImported empty block #17 / 0 tx / 0 pending / 0 (0.0%) gas / (0x6c7482f500f6763e44fc300520a86ba76ec07a738a4d9db87abb45ab8197e487)
[m[2m2026-09-17 13:13:33.040+0000[m[2m | [m[2mEthScheduler-Workers-8[m[2m | [m[32mINFO [m[2m | [m[2mPersistBlockTask[m[2m | [m[32mBlock 17 (0x6c7482f500f6763e44fc300520a86ba76ec07a738a4d9db87abb45ab8197e487) is already imported
[m[2m2026-09-17 13:13:38.038+0000[m[2m | [m[2mBftProcessorExecutor-QBFT-0[m[2m | [m[32mINFO [m[2m | [m[2mQbftBesuControllerBuilder[m[2m | [m[32mImported empty block #18 / 0 tx / 0 pending / 0 (0.0%) gas / (0x4e79c3c581f05a78b2eb0e70f3bc0966ffe95fea601eacf0ab663835f7af04e9)
[m[2m2026-09-17 13:13:43.033+0000[m[2m | [m[2mBftProcessorExecutor-QBFT-0[m[2m | [m[32mINFO [m[2m | [m[2mQbftBesuControllerBuilder[m[2m | [m[32mProduced #19  (eb186.....b5e04)|    0 tx | 0 pending | 0 (0.0%) gas in 0.031s | Timing(started at 2026-09-17T13:13:43.002651170Z, duplicateWorldState=0ms, preTxsSelection=0ms, txsSelection=0ms, selectedTxsEvaluation=0ms, blockAssembled=0ms, blockImported=30ms)
[m[2m2026-09-17 13:13:48.029+0000[m[2m | [m[2mBftProcessorExecutor-QBFT-0[m[2m | [m[32mINFO [m[2m | [m[2mQbftBesuControllerBuilder[m[2m | [m[32mImported empty block #20 / 0 tx / 0 pending / 0 (0.0%) gas / (0x3b14ebd88491400730b58c7b5cd64e0a0ca88f77b37d143466bbe69dc26b3ef6)
[m[2m2026-09-17 13:13:53.679+0000[m[2m | [m[2mEthScheduler-Workers-2[m[2m | [m[32mINFO [m[2m | [m[2mPersistBlockTask[m[2m | [m[32mBlock 21 (0x7e5e6d491e25ad27f84a1a3ea1b8ba2a2e605fbf0f9de8ae331aaa88dd949ae3) is already imported
[m[2m2026-09-17 13:13:53.682+0000[m[2m | [m[2mBftProcessorExecutor-QBFT-0[m[2m | [m[32mINFO [m[2m | [m[2mQbftBesuControllerBuilder[m[2m | [m[32mImported empty block #21 / 0 tx / 0 pending / 0 (0.0%) gas / (0x7e5e6d491e25ad27f84a1a3ea1b8ba2a2e605fbf0f9de8ae331aaa88dd949ae3)
[m[2m2026-09-17 13:13:59.026+0000[m[2m | [m[2mEthScheduler-Workers-4[m[2m | [m[32mINFO [m[2m | [m[2mPersistBlockTask[m[2m | [m[32mBlock 22 (0x9825f88f3674637a3ac4fe10deb277a6e0c2ce32ce46a16a3e8ebb54d83ce96c) is already imported
[m[2m2026-09-17 13:13:59.027+0000[m[2m | [m[2mBftProcessorExecutor-QBFT-0[m[2m | [m[32mINFO [m[2m | [m[2mQbftBesuControllerBuilder[m[2m | [m[32mImported empty block #22 / 0 tx / 0 pending / 0 (0.0%) gas / (0x9825f88f3674637a3ac4fe10deb277a6e0c2ce32ce46a16a3e8ebb54d83ce96c)
[m[2m2026-09-17 13:14:04.026+0000[m[2m | [m[2mBftProcessorExecutor-QBFT-0[m[2m | [m[32mINFO [m[2m | [m[2mQbftBesuControllerBuilder[m[2m | [m[32mImported empty block #23 / 0 tx / 0 pending / 0 (0.0%) gas / (0xb7b28c9935d62c94d68be792a713c191cb1b1de803869c62c4baa5458779a4d4)
[m[2m2026-09-17 13:14:04.025+0000[m[2m | [m[2mEthScheduler-Workers-7[m[2m | [m[32mINFO [m[2m | [m[2mPersistBlockTask[m[2m | [m[32mBlock 23 (0xb7b28c9935d62c94d68be792a713c191cb1b1de803869c62c4baa5458779a4d4) is already imported
[m[2m2026-09-17 13:14:09.026+0000[m[2m | [m[2mBftProcessorExecutor-QBFT-0[m[2m | [m[32mINFO [m[2m | [m[2mQbftBesuControllerBuilder[m[2m | [m[32mProduced #24  (48c28.....11e47)|    0 tx | 0 pending | 0 (0.0%) gas in 0.023s | Timing(started at 2026-09-17T13:14:09.003327407Z, duplicateWorldState=0ms, preTxsSelection=0ms, txsSelection=0ms, selectedTxsEvaluation=0ms, blockAssembled=0ms, blockImported=22ms)
[m[2m2026-09-17 13:14:14.034+0000[m[2m | [m[2mEthScheduler-Workers-9[m[2m | [m[32mINFO [m[2m | [m[2mPersistBlockTask[m[2m | [m[32mBlock 25 (0xb75cf21cf5d1db4c25449168c7fe797b9d89210ffbf1c334f73e1fa467b8e915) is already imported
[m[2m2026-09-17 13:14:14.035+0000[m[2m | [m[2mBftProcessorExecutor-QBFT-0[m[2m | [m[32mINFO [m[2m | [m[2mQbftBesuControllerBuilder[m[2m | [m[32mImported empty block #25 / 0 tx / 0 pending / 0 (0.0%) gas / (0xb75cf21cf5d1db4c25449168c7fe797b9d89210ffbf1c334f73e1fa467b8e915)
[m[2m2026-09-17 13:14:19.021+0000[m[2m | [m[2mBftProcessorExecutor-QBFT-0[m[2m | [m[32mINFO [m[2m | [m[2mQbftBesuControllerBuilder[m[2m | [m[32mImported empty block #26 / 0 tx / 0 pending / 0 (0.0%) gas / (0xd89925d8ca807c362a665c6a6773c7ee713c84ab9705ea1fd4b47605836833e3)
[m[2m2026-09-17 13:14:24.023+0000[m[2m | [m[2mBftProcessorExecutor-QBFT-0[m[2m | [m[32mINFO [m[2m | [m[2mQbftBesuControllerBuilder[m[2m | [m[32mImported empty block #27 / 0 tx / 0 pending / 0 (0.0%) gas / (0xc5a44e3efa69aed9515b6a11364063ee4712bf35cce347a641167d9799b07a7d)
[m[2m2026-09-17 13:14:29.664+0000[m[2m | [m[2mBftProcessorExecutor-QBFT-0[m[2m | [m[32mINFO [m[2m | [m[2mQbftBesuControllerBuilder[m[2m | [m[32mImported empty block #28 / 0 tx / 0 pending / 0 (0.0%) gas / (0x4f317c2a5b7f39ca9bca9ac625a16961f5ace3ac8e8684ef6efefc54f33823df)
[m[2m2026-09-17 13:14:35.033+0000[m[2m | [m[2mBftProcessorExecutor-QBFT-0[m[2m | [m[32mINFO [m[2m | [m[2mQbftBesuControllerBuilder[m[2m | [m[32mProduced #29  (395d4.....24b0e)|    0 tx | 0 pending | 0 (0.0%) gas in 0.029s | Timing(started at 2026-09-17T13:14:35.004084554Z, duplicateWorldState=0ms, preTxsSelection=0ms, txsSelection=0ms, selectedTxsEvaluation=0ms, blockAssembled=0ms, blockImported=27ms)
[m[2m2026-09-17 13:14:40.027+0000[m[2m | [m[2mBftProcessorExecutor-QBFT-0[m[2m | [m[32mINFO [m[2m | [m[2mQbftBesuControllerBuilder[m[2m | [m[32mImported empty block #30 / 0 tx / 0 pending / 0 (0.0%) gas / (0x28d84e9769837df1e35b6f14ca3662a6cfdfaa1ac2e4da9c8daafd8c4e55d3ee)
[m[2m2026-09-17 13:14:40.027+0000[m[2m | [m[2mEthScheduler-Workers-3[m[2m | [m[32mINFO [m[2m | [m[2mPersistBlockTask[m[2m | [m[32mBlock 30 (0x28d84e9769837df1e35b6f14ca3662a6cfdfaa1ac2e4da9c8daafd8c4e55d3ee) is already imported
[m[2m2026-09-17 13:14:45.028+0000[m[2m | [m[2mBftProcessorExecutor-QBFT-0[m[2m | [m[32mINFO [m[2m | [m[2mQbftBesuControllerBuilder[m[2m | [m[32mImported empty block #31 / 0 tx / 0 pending / 0 (0.0%) gas / (0xde581f07195b36426c62704ce9a753351618031ba698f63c9f66da3e2182f14a)
[m[2m2026-09-17 13:14:50.021+0000[m[2m | [m[2mBftProcessorExecutor-QBFT-0[m[2m | [m[32mINFO [m[2m | [m[2mQbftBesuControllerBuilder[m[2m | [m[32mImported empty block #32 / 0 tx / 0 pending / 0 (0.0%) gas / (0x66f3b5aa4386118d37c4ae9ff30396e3edda1acba26d05648cdc13450cb13559)
[m[2m2026-09-17 13:14:55.021+0000[m[2m | [m[2mBftProcessorExecutor-QBFT-0[m[2m | [m[32mINFO [m[2m | [m[2mQbftBesuControllerBuilder[m[2m | [m[32mImported empty block #33 / 0 tx / 0 pending / 0 (0.0%) gas / (0x02fd30d075f2fd8a260eed1112ac321473f7e747a53f19f76d02f99e690e0b86)
[m[2m2026-09-17 13:14:55.021+0000[m[2m | [m[2mEthScheduler-Workers-5[m[2m | [m[32mINFO [m[2m | [m[2mPersistBlockTask[m[2m | [m[32mBlock 33 (0x02fd30d075f2fd8a260eed1112ac321473f7e747a53f19f76d02f99e690e0b86) is already imported
[m[2m2026-09-17 13:15:00.707+0000[m[2m | [m[2mEthScheduler-Workers-6[m[2m | [m[32mINFO [m[2m | [m[2mPersistBlockTask[m[2m | [m[32mBlock 34 (0xbabeaacb80bcd7411f712f27cbd9f6c4e711ffe447a15b9961b7275fd5ae6c33) is already imported
[m[2m2026-09-17 13:15:00.708+0000[m[2m | [m[2mBftProcessorExecutor-QBFT-0[m[2m | [m[32mINFO [m[2m | [m[2mQbftBesuControllerBuilder[m[2m | [m[32mProduced #34  (babea.....e6c33)|    0 tx | 0 pending | 0 (0.0%) gas in 0.026s | Timing(started at 2026-09-17T13:15:00.681174931Z, duplicateWorldState=0ms, preTxsSelection=0ms, txsSelection=0ms, selectedTxsEvaluation=0ms, blockAssembled=0ms, blockImported=26ms)
[m[2m2026-09-17 13:15:06.027+0000[m[2m | [m[2mBftProcessorExecutor-QBFT-0[m[2m | [m[32mINFO [m[2m | [m[2mQbftBesuControllerBuilder[m[2m | [m[32mImported empty block #35 / 0 tx / 0 pending / 0 (0.0%) gas / (0xab78203ce21a4484a7fa85ce517153be5aa322879f5d77aaf1938e37356e840e)
[m[2m2026-09-17 13:15:11.024+0000[m[2m | [m[2mBftProcessorExecutor-QBFT-0[m[2m | [m[32mINFO [m[2m | [m[2mQbftBesuControllerBuilder[m[2m | [m[32mImported empty block #36 / 0 tx / 0 pending / 0 (0.0%) gas / (0x9ef4d6c98c6991cbe50213abf44ccdfb55d0760d1f0417af6b803dd6679d6892)
[m[2m2026-09-17 13:15:16.024+0000[m[2m | [m[2mBftProcessorExecutor-QBFT-0[m[2m | [m[32mINFO [m[2m | [m[2mQbftBesuControllerBuilder[m[2m | [m[32mImported empty block #37 / 0 tx / 0 pending / 0 (0.0%) gas / (0x3d19bcbe475bf85496574602de128e0dc45ff2564f0cb0e3f481fa8c893c2ab7)
[m[2m2026-09-17 13:15:16.024+0000[m[2m | [m[2mEthScheduler-Workers-10[m[2m | [m[32mINFO [m[2m | [m[2mPersistBlockTask[m[2m | [m[32mBlock 37 (0x3d19bcbe475bf85496574602de128e0dc45ff2564f0cb0e3f481fa8c893c2ab7) is already imported
[m[2m2026-09-17 13:15:21.023+0000[m[2m | [m[2mEthScheduler-Workers-2[m[2m | [m[32mINFO [m[2m | [m[2mPersistBlockTask[m[2m | [m[32mBlock 38 (0x1f4094106ec43050bc91cee39cc93cb7a4e73abff714ab3e38429d639eed253a) is already imported
[m[2m2026-09-17 13:15:21.025+0000[m[2m | [m[2mBftProcessorExecutor-QBFT-0[m[2m | [m[32mINFO [m[2m | [m[2mQbftBesuControllerBuilder[m[2m | [m[32mImported empty block #38 / 0 tx / 0 pending / 0 (0.0%) gas / (0x1f4094106ec43050bc91cee39cc93cb7a4e73abff714ab3e38429d639eed253a)
[m[2m2026-09-17 13:15:26.025+0000[m[2m | [m[2mBftProcessorExecutor-QBFT-0[m[2m | [m[32mINFO [m[2m | [m[2mQbftBesuControllerBuilder[m[2m | [m[32mProduced #39  (9ef98.....92ae1)|    0 tx | 0 pending | 0 (0.0%) gas in 0.022s | Timing(started at 2026-09-17T13:15:26.002359358Z, duplicateWorldState=0ms, preTxsSelection=0ms, txsSelection=1ms, selectedTxsEvaluation=0ms, blockAssembled=0ms, blockImported=20ms)
[m[2m2026-09-17 13:15:31.773+0000[m[2m | [m[2mEthScheduler-Workers-4[m[2m | [m[32mINFO [m[2m | [m[2mPersistBlockTask[m[2m | [m[32mBlock 40 (0x714aec3880113091630fcfc89af6f723966d6d2596629e02453cad4adc926742) is already imported
[m[2m2026-09-17 13:15:31.774+0000[m[2m | [m[2mBftProcessorExecutor-QBFT-0[m[2m | [m[32mINFO [m[2m | [m[2mQbftBesuControllerBuilder[m[2m | [m[32mImported empty block #40 / 0 tx / 0 pending / 0 (0.0%) gas / (0x714aec3880113091630fcfc89af6f723966d6d2596629e02453cad4adc926742)
[m[2m2026-09-17 13:15:37.023+0000[m[2m | [m[2mBftProcessorExecutor-QBFT-0[m[2m | [m[32mINFO [m[2m | [m[2mQbftBesuControllerBuilder[m[2m | [m[32mImported empty block #41 / 0 tx / 0 pending / 0 (0.0%) gas / (0x726f3d81afbe2de93fb32155cd1e7d3d0047db84820cb13bad58b2e29b0e2223)
[m[2m2026-09-17 13:15:42.020+0000[m[2m | [m[2mBftProcessorExecutor-QBFT-0[m[2m | [m[32mINFO [m[2m | [m[2mQbftBesuControllerBuilder[m[2m | [m[32mImported empty block #42 / 0 tx / 0 pending / 0 (0.0%) gas / (0x43386019258238adc05d9a1fd1868c821d5822aca9bcb3e6612ba4675e69c887)
[m[2m2026-09-17 13:15:42.020+0000[m[2m | [m[2mEthScheduler-Workers-7[m[2m | [m[32mINFO [m[2m | [m[2mPersistBlockTask[m[2m | [m[32mBlock 42 (0x43386019258238adc05d9a1fd1868c821d5822aca9bcb3e6612ba4675e69c887) is already imported
[m[2m2026-09-17 13:15:47.022+0000[m[2m | [m[2mBftProcessorExecutor-QBFT-0[m[2m | [m[32mINFO [m[2m | [m[2mQbftBesuControllerBuilder[m[2m | [m[32mImported empty block #43 / 0 tx / 0 pending / 0 (0.0%) gas / (0x9650232a9e8be1fb16c3a7ebc02c1e82af0fb704217e358f46fb8346c8a42627)
[m[2m2026-09-17 13:15:47.024+0000[m[2m | [m[2mEthScheduler-Workers-10[m[2m | [m[32mINFO [m[2m | [m[2mPersistBlockTask[m[2m | [m[32mBlock 43 (0x9650232a9e8be1fb16c3a7ebc02c1e82af0fb704217e358f46fb8346c8a42627) is already imported
[m[2m2026-09-17 13:15:52.026+0000[m[2m | [m[2mBftProcessorExecutor-QBFT-0[m[2m | [m[32mINFO [m[2m | [m[2mQbftBesuControllerBuilder[m[2m | [m[32mProduced #44  (1b85e.....60f4d)|    0 tx | 0 pending | 0 (0.0%) gas in 0.023s | Timing(started at 2026-09-17T13:15:52.003128434Z, duplicateWorldState=0ms, preTxsSelection=0ms, txsSelection=1ms, selectedTxsEvaluation=0ms, blockAssembled=0ms, blockImported=21ms)
[m[2m2026-09-17 13:15:52.026+0000[m[2m | [m[2mEthScheduler-Workers-3[m[2m | [m[32mINFO [m[2m | [m[2mPersistBlockTask[m[2m | [m[32mBlock 44 (0x1b85e5ac359b925a1a89e51b7a50fc003a30c9d5ca755de25135de23fe960f4d) is already imported
[m[2m2026-09-17 13:15:57.020+0000[m[2m | [m[2mBftProcessorExecutor-QBFT-0[m[2m | [m[32mINFO [m[2m | [m[2mQbftBesuControllerBuilder[m[2m | [m[32mImported empty block #45 / 0 tx / 0 pending / 0 (0.0%) gas / (0xd30ca2da2e60b9113550b4d74ef5dcf2f3c5d8b2253d61e235e8832b79781ac4)
[m[2m2026-09-17 13:16:02.027+0000[m[2m | [m[2mBftProcessorExecutor-QBFT-0[m[2m | [m[32mINFO [m[2m | [m[2mQbftBesuControllerBuilder[m[2m | [m[32mImported empty block #46 / 0 tx / 0 pending / 0 (0.0%) gas / (0x5597feec80aeeaac8cd48b542da36dedbc174309a72a485ddda5a13c59005b85)
[m[2m2026-09-17 13:16:07.677+0000[m[2m | [m[2mBftProcessorExecutor-QBFT-0[m[2m | [m[32mINFO [m[2m | [m[2mQbftBesuControllerBuilder[m[2m | [m[32mImported empty block #47 / 0 tx / 0 pending / 0 (0.0%) gas / (0x45c440627853f530da81fc175d6c573532e75b0a3c11c460dff0d8f02dd081a3)
[m[2m2026-09-17 13:16:07.681+0000[m[2m | [m[2mEthScheduler-Workers-12[m[2m | [m[32mINFO [m[2m | [m[2mPersistBlockTask[m[2m | [m[32mBlock 47 (0x45c440627853f530da81fc175d6c573532e75b0a3c11c460dff0d8f02dd081a3) is already imported
[m[2m2026-09-17 13:16:13.024+0000[m[2m | [m[2mBftProcessorExecutor-QBFT-0[m[2m | [m[32mINFO [m[2m | [m[2mQbftBesuControllerBuilder[m[2m | [m[32mImported empty block #48 / 0 tx / 0 pending / 0 (0.0%) gas / (0x469b9a2e417262209acff7e8133d0a46f94ef2b925837cc81bac2dcafa0dc275)
[m[2m2026-09-17 13:16:18.020+0000[m[2m | [m[2mBftProcessorExecutor-QBFT-0[m[2m | [m[32mINFO [m[2m | [m[2mQbftBesuControllerBuilder[m[2m | [m[32mProduced #49  (a59e4.....5a8dc)|    0 tx | 0 pending | 0 (0.0%) gas in 0.016s | Timing(started at 2026-09-17T13:16:18.003282891Z, duplicateWorldState=0ms, preTxsSelection=0ms, txsSelection=0ms, selectedTxsEvaluation=0ms, blockAssembled=0ms, blockImported=16ms)
[m[2m2026-09-17 13:16:18.022+0000[m[2m | [m[2mEthScheduler-Workers-4[m[2m | [m[32mINFO [m[2m | [m[2mPersistBlockTask[m[2m | [m[32mBlock 49 (0xa59e4f87f667ec11c3a4aa3e1b0ff5831289e1d113605f34396d8f0c5ab5a8dc) is already imported
[m[2m2026-09-17 13:16:23.025+0000[m[2m | [m[2mBftProcessorExecutor-QBFT-0[m[2m | [m[32mINFO [m[2m | [m[2mQbftBesuControllerBuilder[m[2m | [m[32mImported empty block #50 / 0 tx / 0 pending / 0 (0.0%) gas / (0x91b7e1fe2a8d55113fe94341883e8e6b0ea5ee6bd20de8c7c3d4df016f06ffa5)
[m[2m2026-09-17 13:16:23.026+0000[m[2m | [m[2mEthScheduler-Workers-11[m[2m | [m[32mINFO [m[2m | [m[2mPersistBlockTask[m[2m | [m[32mBlock 50 (0x91b7e1fe2a8d55113fe94341883e8e6b0ea5ee6bd20de8c7c3d4df016f06ffa5) is already imported
[m[2m2026-09-17 13:16:28.023+0000[m[2m | [m[2mBftProcessorExecutor-QBFT-0[m[2m | [m[32mINFO [m[2m | [m[2mQbftBesuControllerBuilder[m[2m | [m[32mImported empty block #51 / 0 tx / 0 pending / 0 (0.0%) gas / (0x8cd9484b4ad34e08d051e39607bcc6915ff42ca625bd38a080ec82e925a02209)
[m[2m2026-09-17 13:16:33.019+0000[m[2m | [m[2mBftProcessorExecutor-QBFT-0[m[2m | [m[32mINFO [m[2m | [m[2mQbftBesuControllerBuilder[m[2m | [m[32mImported empty block #52 / 0 tx / 0 pending / 0 (0.0%) gas / (0x1e9594a0317980afef8c93ee442095296366b7e63529003c68d55e79ac579046)
[m[2m2026-09-17 13:16:38.021+0000[m[2m | [m[2mBftProcessorExecutor-QBFT-0[m[2m | [m[32mINFO [m[2m | [m[2mQbftBesuControllerBuilder[m[2m | [m[32mImported empty block #53 / 0 tx / 0 pending / 0 (0.0%) gas / (0x1e705728787930c1bdcc11ffa1cc4d74ff0cfeb002e3254c767d7bb0e44b1a90)
[m[2m2026-09-17 13:16:43.028+0000[m[2m | [m[2mEthScheduler-Workers-2[m[2m | [m[32mINFO [m[2m | [m[2mPersistBlockTask[m[2m | [m[32mBlock 54 (0x4565ee8222394cd19242d29ee077daf51a46fafc183a1e3fd29a8a2e4f5b2ba4) is already imported
[m[2m2026-09-17 13:16:43.028+0000[m[2m | [m[2mBftProcessorExecutor-QBFT-0[m[2m | [m[32mINFO [m[2m | [m[2mQbftBesuControllerBuilder[m[2m | [m[32mProduced #54  (4565e.....b2ba4)|    0 tx | 0 pending | 0 (0.0%) gas in 0.023s | Timing(started at 2026-09-17T13:16:43.005053279Z, duplicateWorldState=0ms, preTxsSelection=0ms, txsSelection=0ms, selectedTxsEvaluation=0ms, blockAssembled=0ms, blockImported=22ms)
[m[2m2026-09-17 13:16:48.015+0000[m[2m | [m[2mBftProcessorExecutor-QBFT-0[m[2m | [m[32mINFO [m[2m | [m[2mQbftBesuControllerBuilder[m[2m | [m[32mImported empty block #55 / 0 tx / 0 pending / 0 (0.0%) gas / (0x51a7ce247ec1418da2111129f5091af7af2cbd349c15ca985765811741083e5d)
[m[2m2026-09-17 13:16:53.864+0000[m[2m | [m[2mEthScheduler-Workers-5[m[2m | [m[32mINFO [m[2m | [m[2mPersistBlockTask[m[2m | [m[32mImported empty block #56 / 0 tx / 0 om / 0 (0.0%) gas / (0x2c6c213c7061f7b66b2bdd96a954be78d93965b81a064767755f5d9b62825374) in 0.000s. Peers: 4
[m[2m2026-09-17 13:16:53.865+0000[m[2m | [m[2mBftProcessorExecutor-QBFT-0[m[2m | [m[32mINFO [m[2m | [m[2mQbftBesuControllerBuilder[m[2m | [m[32mImported empty block #56 / 0 tx / 0 pending / 0 (0.0%) gas / (0x2c6c213c7061f7b66b2bdd96a954be78d93965b81a064767755f5d9b62825374)
[m[2m2026-09-17 13:16:59.019+0000[m[2m | [m[2mBftProcessorExecutor-QBFT-0[m[2m | [m[32mINFO [m[2m | [m[2mQbftBesuControllerBuilder[m[2m | [m[32mImported empty block #57 / 0 tx / 0 pending / 0 (0.0%) gas / (0x2b589d04f0b6b145112bfac74b78480503f0cc7d7f43fb9f7c6d5266c65f7b97)
[m[2m2026-09-17 13:17:04.022+0000[m[2m | [m[2mBftProcessorExecutor-QBFT-0[m[2m | [m[32mINFO [m[2m | [m[2mQbftBesuControllerBuilder[m[2m | [m[32mImported empty block #58 / 0 tx / 0 pending / 0 (0.0%) gas / (0x3e72a1ace6e65531a14796a4ade0779b5028d47f9d87dfd0b89439868725da04)
[m[2m2026-09-17 13:17:04.022+0000[m[2m | [m[2mEthScheduler-Workers-7[m[2m | [m[32mINFO [m[2m | [m[2mPersistBlockTask[m[2m | [m[32mBlock 58 (0x3e72a1ace6e65531a14796a4ade0779b5028d47f9d87dfd0b89439868725da04) is already imported
[m[2m2026-09-17 13:17:09.015+0000[m[2m | [m[2mEthScheduler-Workers-10[m[2m | [m[32mINFO [m[2m | [m[2mPersistBlockTask[m[2m | [m[32mBlock 59 (0x3bf1addee071b42f71fa33939f5c1d4977b7ad5644b6ea70d977181be2a2b3db) is already imported
[m[2m2026-09-17 13:17:09.017+0000[m[2m | [m[2mBftProcessorExecutor-QBFT-0[m[2m | [m[32mINFO [m[2m | [m[2mQbftBesuControllerBuilder[m[2m | [m[32mProduced #59  (3bf1a.....2b3db)|    0 tx | 0 pending | 0 (0.0%) gas in 0.015s | Timing(started at 2026-09-17T13:17:09.002160684Z, duplicateWorldState=0ms, preTxsSelection=0ms, txsSelection=0ms, selectedTxsEvaluation=0ms, blockAssembled=0ms, blockImported=14ms)
[m[2m2026-09-17 13:17:14.016+0000[m[2m | [m[2mBftProcessorExecutor-QBFT-0[m[2m | [m[32mINFO [m[2m | [m[2mQbftBesuControllerBuilder[m[2m | [m[32mImported empty block #60 / 0 tx / 0 pending / 0 (0.0%) gas / (0xcb62ef36f75357feb27b22b5e06de856b7176a89d8cc52da27950a43a91afa13)
[m[2m2026-09-17 13:17:14.022+0000[m[2m | [m[2mEthScheduler-Workers-3[m[2m | [m[32mINFO [m[2m | [m[2mPersistBlockTask[m[2m | [m[32mBlock 60 (0xcb62ef36f75357feb27b22b5e06de856b7176a89d8cc52da27950a43a91afa13) is already imported
[m[2m2026-09-17 13:17:19.016+0000[m[2m | [m[2mBftProcessorExecutor-QBFT-0[m[2m | [m[32mINFO [m[2m | [m[2mQbftBesuControllerBuilder[m[2m | [m[32mImported empty block #61 / 0 tx / 0 pending / 0 (0.0%) gas / (0x7bf4093c8e8c2b17abd1736ab4ed81fafd794d661a0468200bb732805a5e89b0)
[m[2m2026-09-17 13:17:24.020+0000[m[2m | [m[2mBftProcessorExecutor-QBFT-0[m[2m | [m[32mINFO [m[2m | [m[2mQbftBesuControllerBuilder[m[2m | [m[32mImported empty block #62 / 0 tx / 0 pending / 0 (0.0%) gas / (0x628d344dd1f4c5009da2c57a8b45b828b5f4c2b86db7191597d29dfc96bbfcb9)
[m[2m2026-09-17 13:17:24.022+0000[m[2m | [m[2mEthScheduler-Workers-12[m[2m | [m[32mINFO [m[2m | [m[2mPersistBlockTask[m[2m | [m[32mBlock 62 (0x628d344dd1f4c5009da2c57a8b45b828b5f4c2b86db7191597d29dfc96bbfcb9) is already imported
[m[2m2026-09-17 13:17:29.623+0000[m[2m | [m[2mEthScheduler-Workers-4[m[2m | [m[32mINFO [m[2m | [m[2mPersistBlockTask[m[2m | [m[32mImported empty block #63 / 0 tx / 0 om / 0 (0.0%) gas / (0x1ac9941c6e07120fb25e469e5ff012a39b1970dda5f5daef746d47fc55a033f3) in 0.000s. Peers: 4
[m[2m2026-09-17 13:17:35.023+0000[m[2m | [m[2mBftProcessorExecutor-QBFT-0[m[2m | [m[32mINFO [m[2m | [m[2mQbftBesuControllerBuilder[m[2m | [m[32mProduced #64  (a69c7.....fe575)|    0 tx | 0 pending | 0 (0.0%) gas in 0.020s | Timing(started at 2026-09-17T13:17:35.002989299Z, duplicateWorldState=0ms, preTxsSelection=0ms, txsSelection=1ms, selectedTxsEvaluation=0ms, blockAssembled=0ms, blockImported=19ms)
[m[2m2026-09-17 13:17:40.014+0000[m[2m | [m[2mBftProcessorExecutor-QBFT-0[m[2m | [m[32mINFO [m[2m | [m[2mQbftBesuControllerBuilder[m[2m | [m[32mImported empty block #65 / 0 tx / 0 pending / 0 (0.0%) gas / (0xbbaf565fd0df12a520625086165c9206903ae21e0bd3563f201e1edde9a956be)
[m[2m2026-09-17 13:17:45.015+0000[m[2m | [m[2mBftProcessorExecutor-QBFT-0[m[2m | [m[32mINFO [m[2m | [m[2mQbftBesuControllerBuilder[m[2m | [m[32mImported empty block #66 / 0 tx / 0 pending / 0 (0.0%) gas / (0xf4075fd0707e9c0c75f2c3595f13bae3f64457b2d963cb9d221b4377e6a6c741)
[m[2m2026-09-17 13:17:50.015+0000[m[2m | [m[2mBftProcessorExecutor-QBFT-0[m[2m | [m[32mINFO [m[2m | [m[2mQbftBesuControllerBuilder[m[2m | [m[32mImported empty block #67 / 0 tx / 0 pending / 0 (0.0%) gas / (0x34a77c6863ab0ab932a4d096385884f6d5a71e59f69b724f84e4187ea8116d7e)
[m[2m2026-09-17 13:17:55.016+0000[m[2m | [m[2mBftProcessorExecutor-QBFT-0[m[2m | [m[32mINFO [m[2m | [m[2mQbftBesuControllerBuilder[m[2m | [m[32mImported empty block #68 / 0 tx / 0 pending / 0 (0.0%) gas / (0xe2162c1625096b34d5e1398f06335e0bc653947ece3b873da46dc1dd033a6629)
[m[2m2026-09-17 13:18:00.708+0000[m[2m | [m[2mBftProcessorExecutor-QBFT-0[m[2m | [m[32mINFO [m[2m | [m[2mQbftBesuControllerBuilder[m[2m | [m[32mProduced #69  (649cc.....49d07)|    0 tx | 0 pending | 0 (0.0%) gas in 0.012s | Timing(started at 2026-09-17T13:18:00.695435357Z, duplicateWorldState=0ms, preTxsSelection=0ms, txsSelection=0ms, selectedTxsEvaluation=0ms, blockAssembled=0ms, blockImported=12ms)
[m[2m2026-09-17 13:18:06.021+0000[m[2m | [m[2mEthScheduler-Workers-11[m[2m | [m[32mINFO [m[2m | [m[2mPersistBlockTask[m[2m | [m[32mImported empty block #70 / 0 tx / 0 om / 0 (0.0%) gas / (0x4a40c203ceefbb1d315e3045436dad8b11d6355da6dc11e9e5fa399cfdf507e4) in 0.000s. Peers: 4
[m[2m2026-09-17 13:18:06.023+0000[m[2m | [m[2mBftProcessorExecutor-QBFT-0[m[2m | [m[32mINFO [m[2m | [m[2mQbftBesuControllerBuilder[m[2m | [m[32mImported empty block #70 / 0 tx / 0 pending / 0 (0.0%) gas / (0x4a40c203ceefbb1d315e3045436dad8b11d6355da6dc11e9e5fa399cfdf507e4)
[m[2m2026-09-17 13:18:11.013+0000[m[2m | [m[2mBftProcessorExecutor-QBFT-0[m[2m | [m[32mINFO [m[2m | [m[2mQbftBesuControllerBuilder[m[2m | [m[32mImported empty block #71 / 0 tx / 0 pending / 0 (0.0%) gas / (0x8ddcb8c84322400e4da0e12f4828946a4f54b05e739f9ff31c33c182d6d9694b)
[m[2m2026-09-17 13:18:16.011+0000[m[2m | [m[2mBftProcessorExecutor-QBFT-0[m[2m | [m[32mINFO [m[2m | [m[2mQbftBesuControllerBuilder[m[2m | [m[32mImported empty block #72 / 0 tx / 0 pending / 0 (0.0%) gas / (0x89dfa9d56831a17c2f2b5dcb0308fb2897fb3e15a52e17cfab47d8734b0f8b32)
[m[2m2026-09-17 13:18:21.017+0000[m[2m | [m[2mBftProcessorExecutor-QBFT-0[m[2m | [m[32mINFO [m[2m | [m[2mQbftBesuControllerBuilder[m[2m | [m[32mImported empty block #73 / 0 tx / 0 pending / 0 (0.0%) gas / (0x2a606fc6ed5741b2a8cd2d7b9fb449a275ed95c966795064949dcffca4b77f84)
[m[2m2026-09-17 13:18:26.016+0000[m[2m | [m[2mBftProcessorExecutor-QBFT-0[m[2m | [m[32mINFO [m[2m | [m[2mQbftBesuControllerBuilder[m[2m | [m[32mProduced #74  (bbc87.....4ba4e)|    0 tx | 0 pending | 0 (0.0%) gas in 0.013s | Timing(started at 2026-09-17T13:18:26.001986490Z, duplicateWorldState=0ms, preTxsSelection=0ms, txsSelection=0ms, selectedTxsEvaluation=0ms, blockAssembled=0ms, blockImported=13ms)
[m[2m2026-09-17 13:18:31.686+0000[m[2m | [m[2mBftProcessorExecutor-QBFT-0[m[2m | [m[32mINFO [m[2m | [m[2mQbftBesuControllerBuilder[m[2m | [m[32mImported empty block #75 / 0 tx / 0 pending / 0 (0.0%) gas / (0x2f072e1cee92e4c53886cf5266c49152ec57d1d082472f39b6859dfec8efc84a)
[m[2m2026-09-17 13:18:37.010+0000[m[2m | [m[2mBftProcessorExecutor-QBFT-0[m[2m | [m[32mINFO [m[2m | [m[2mQbftBesuControllerBuilder[m[2m | [m[32mImported empty block #76 / 0 tx / 0 pending / 0 (0.0%) gas / (0x28c6877cb2dcd255a5acfa9489cbed1d811bb247548950bb2e7e1450b4154ddc)
[m[2m2026-09-17 13:18:42.022+0000[m[2m | [m[2mBftProcessorExecutor-QBFT-0[m[2m | [m[32mINFO [m[2m | [m[2mQbftBesuControllerBuilder[m[2m | [m[32mImported empty block #77 / 0 tx / 0 pending / 0 (0.0%) gas / (0xd6e4023a101a5acfd5497f2c31b6168281879352fcc6a95fe597a05383bee964)
[m[2m2026-09-17 13:18:42.022+0000[m[2m | [m[2mEthScheduler-Workers-13[m[2m | [m[32mINFO [m[2m | [m[2mPersistBlockTask[m[2m | [m[32mBlock 77 (0xd6e4023a101a5acfd5497f2c31b6168281879352fcc6a95fe597a05383bee964) is already imported
[m[2m2026-09-17 13:18:47.010+0000[m[2m | [m[2mBftProcessorExecutor-QBFT-0[m[2m | [m[32mINFO [m[2m | [m[2mQbftBesuControllerBuilder[m[2m | [m[32mImported empty block #78 / 0 tx / 0 pending / 0 (0.0%) gas / (0x8c17e5f1b86c4f2bd4d428cd97713fabb5ade5224fea5bea1213a41072948494)
[m[2m2026-09-17 13:18:52.014+0000[m[2m | [m[2mBftProcessorExecutor-QBFT-0[m[2m | [m[32mINFO [m[2m | [m[2mQbftBesuControllerBuilder[m[2m | [m[32mProduced #79  (4ead8.....2541c)|    0 tx | 0 pending | 0 (0.0%) gas in 0.011s | Timing(started at 2026-09-17T13:18:52.002280249Z, duplicateWorldState=0ms, preTxsSelection=0ms, txsSelection=0ms, selectedTxsEvaluation=0ms, blockAssembled=0ms, blockImported=11ms)
[m[2m2026-09-17 13:18:52.016+0000[m[2m | [m[2mEthScheduler-Workers-15[m[2m | [m[32mINFO [m[2m | [m[2mPersistBlockTask[m[2m | [m[32mBlock 79 (0x4ead8e891099c59f7480343699fd2f3745744785f5ba15fe10245be9f1a2541c) is already imported
[m[2m2026-09-17 13:18:57.016+0000[m[2m | [m[2mBftProcessorExecutor-QBFT-0[m[2m | [m[32mINFO [m[2m | [m[2mQbftBesuControllerBuilder[m[2m | [m[32mImported empty block #80 / 0 tx / 0 pending / 0 (0.0%) gas / (0x70be029f9726161ffe4d6965250b19e1155dc5703fbc88360eed45c372dda473)
[m[2m2026-09-17 13:19:02.018+0000[m[2m | [m[2mBftProcessorExecutor-QBFT-0[m[2m | [m[32mINFO [m[2m | [m[2mQbftBesuControllerBuilder[m[2m | [m[32mImported empty block #81 / 0 tx / 0 pending / 0 (0.0%) gas / (0x02aa9b6e53daa3ec49bdf91afdffa0ac2b641948ccb75a6871340596c0a4f982)
[m[2m2026-09-17 13:19:07.706+0000[m[2m | [m[2mBftProcessorExecutor-QBFT-0[m[2m | [m[32mINFO [m[2m | [m[2mQbftBesuControllerBuilder[m[2m | [m[32mImported empty block #82 / 0 tx / 0 pending / 0 (0.0%) gas / (0xe443e089a70d4b0360214b8e19f3012ecc30d90031c22b57fccc88bd1069ff48)
[m[2m2026-09-17 13:19:13.016+0000[m[2m | [m[2mBftProcessorExecutor-QBFT-0[m[2m | [m[32mINFO [m[2m | [m[2mQbftBesuControllerBuilder[m[2m | [m[32mImported empty block #83 / 0 tx / 0 pending / 0 (0.0%) gas / (0x8f010b3dd676856ac04bc6153db95c480e4024c70661318eb5b6e0ad30eb55d1)
[m[2m2026-09-17 13:19:18.026+0000[m[2m | [m[2mEthScheduler-Workers-17[m[2m | [m[32mINFO [m[2m | [m[2mPersistBlockTask[m[2m | [m[32mBlock 84 (0xfaaf6abc5907fe7298ace80913ec8d3608943b0717521cc1635e16c6e7895f60) is already imported
[m[2m2026-09-17 13:19:18.030+0000[m[2m | [m[2mBftProcessorExecutor-QBFT-0[m[2m | [m[32mINFO [m[2m | [m[2mQbftBesuControllerBuilder[m[2m | [m[32mProduced #84  (faaf6.....95f60)|    0 tx | 0 pending | 0 (0.0%) gas in 0.027s | Timing(started at 2026-09-17T13:19:18.003092704Z, duplicateWorldState=0ms, preTxsSelection=0ms, txsSelection=0ms, selectedTxsEvaluation=0ms, blockAssembled=0ms, blockImported=26ms)
[m[2m2026-09-17 13:19:23.015+0000[m[2m | [m[2mBftProcessorExecutor-QBFT-0[m[2m | [m[32mINFO [m[2m | [m[2mQbftBesuControllerBuilder[m[2m | [m[32mImported empty block #85 / 0 tx / 0 pending / 0 (0.0%) gas / (0xc79713595c319a4cd33e66d80309baffe6bebe590ddbcf0dd703cb03d90f51c4)
[m[2m2026-09-17 13:19:28.023+0000[m[2m | [m[2mBftProcessorExecutor-QBFT-0[m[2m | [m[32mINFO [m[2m | [m[2mQbftBesuControllerBuilder[m[2m | [m[32mImported empty block #86 / 0 tx / 0 pending / 0 (0.0%) gas / (0x7af0b2224dbea1fe8e97c1509ec8171056c8b25a4df1664b80c6162734906fa5)
[m[2m2026-09-17 13:19:28.025+0000[m[2m | [m[2mEthScheduler-Workers-19[m[2m | [m[32mINFO [m[2m | [m[2mPersistBlockTask[m[2m | [m[32mBlock 86 (0x7af0b2224dbea1fe8e97c1509ec8171056c8b25a4df1664b80c6162734906fa5) is already imported
[m[2m2026-09-17 13:19:33.016+0000[m[2m | [m[2mBftProcessorExecutor-QBFT-0[m[2m | [m[32mINFO [m[2m | [m[2mQbftBesuControllerBuilder[m[2m | [m[32mImported empty block #87 / 0 tx / 0 pending / 0 (0.0%) gas / (0x648251262e6d9acb13d9634cf4f6c907dd56c33014246b2308a9fc0abb938e64)
[m[2m2026-09-17 13:19:38.680+0000[m[2m | [m[2mEthScheduler-Workers-13[m[2m | [m[32mINFO [m[2m | [m[2mPersistBlockTask[m[2m | [m[32mBlock 88 (0xe7283bd6e56a14e41fe6fa391d8898de15c70dd8e720b7df5eca3283894b0b5e) is already imported
[m[2m2026-09-17 13:19:38.680+0000[m[2m | [m[2mBftProcessorExecutor-QBFT-0[m[2m | [m[32mINFO [m[2m | [m[2mQbftBesuControllerBuilder[m[2m | [m[32mImported empty block #88 / 0 tx / 0 pending / 0 (0.0%) gas / (0xe7283bd6e56a14e41fe6fa391d8898de15c70dd8e720b7df5eca3283894b0b5e)
[m